// Vitest Snapshot v1, https://vitest.dev/guide/snapshot.html

exports[`Test en VerifyEmail > VerifyEmail debe renderizarse 1`] = `
{
  "asFragment": [Function],
  "baseElement": <body>
    <div>
      <div
        class="flex flex-col h-screen"
      >
        <div
          class="bg-gray-800 min-h-[5rem]"
        />
        <div
          class="bg-gray-200 h-full flex justify-center align-center"
        >
          <div
            class="flex flex-col justify-center align-center gap-6 min-w-[30rem]"
          >
            <p
              class="text-5xl leading-10 font-bold text-center"
            >
              Estamos verificando tu correo electrónico ...
            </p>
          </div>
        </div>
        <div
          class="bg-gray-900 min-h-[5rem]"
        />
      </div>
    </div>
  </body>,
  "container": <div>
    <div
      class="flex flex-col h-screen"
    >
      <div
        class="bg-gray-800 min-h-[5rem]"
      />
      <div
        class="bg-gray-200 h-full flex justify-center align-center"
      >
        <div
          class="flex flex-col justify-center align-center gap-6 min-w-[30rem]"
        >
          <p
            class="text-5xl leading-10 font-bold text-center"
          >
            Estamos verificando tu correo electrónico ...
          </p>
        </div>
      </div>
      <div
        class="bg-gray-900 min-h-[5rem]"
      />
    </div>
  </div>,
  "debug": [Function],
  "findAllByAltText": [Function],
  "findAllByDisplayValue": [Function],
  "findAllByLabelText": [Function],
  "findAllByPlaceholderText": [Function],
  "findAllByRole": [Function],
  "findAllByTestId": [Function],
  "findAllByText": [Function],
  "findAllByTitle": [Function],
  "findByAltText": [Function],
  "findByDisplayValue": [Function],
  "findByLabelText": [Function],
  "findByPlaceholderText": [Function],
  "findByRole": [Function],
  "findByTestId": [Function],
  "findByText": [Function],
  "findByTitle": [Function],
  "getAllByAltText": [Function],
  "getAllByDisplayValue": [Function],
  "getAllByLabelText": [Function],
  "getAllByPlaceholderText": [Function],
  "getAllByRole": [Function],
  "getAllByTestId": [Function],
  "getAllByText": [Function],
  "getAllByTitle": [Function],
  "getByAltText": [Function],
  "getByDisplayValue": [Function],
  "getByLabelText": [Function],
  "getByPlaceholderText": [Function],
  "getByRole": [Function],
  "getByTestId": [Function],
  "getByText": [Function],
  "getByTitle": [Function],
  "queryAllByAltText": [Function],
  "queryAllByDisplayValue": [Function],
  "queryAllByLabelText": [Function],
  "queryAllByPlaceholderText": [Function],
  "queryAllByRole": [Function],
  "queryAllByTestId": [Function],
  "queryAllByText": [Function],
  "queryAllByTitle": [Function],
  "queryByAltText": [Function],
  "queryByDisplayValue": [Function],
  "queryByLabelText": [Function],
  "queryByPlaceholderText": [Function],
  "queryByRole": [Function],
  "queryByTestId": [Function],
  "queryByText": [Function],
  "queryByTitle": [Function],
  "rerender": [Function],
  "store": {
    "@@observable": [Function],
    "dispatch": [Function],
    "getState": [Function],
    "replaceReducer": [Function],
    "subscribe": [Function],
  },
  "unmount": [Function],
}
`;
