// Vitest Snapshot v1, https://vitest.dev/guide/snapshot.html

exports[`Componente Field > Debe renderizarse sin error 1`] = `
{
  "asFragment": [Function],
  "baseElement": <body>
    <div>
      <div
        class="flex flex-col relative "
      >
        <div
          class=" 
        relative "
        >
          <input
            autocomplete="off"
            class="border-gray-900
            px-3 py-1  border-b-2 bg-white peer w-full text-base transition-colors h-8 focus:outline-none "
            data-testid="name"
            id="name"
            name="name"
            placeholder=" "
            type="text"
            value=""
          />
          <label
            class="text-gray-600 peer-focus:text-gray-900 
          absolute left-0 -top-4 text-xs cursor-text transition-all px-0 peer-placeholder-shown:top-1 peer-placeholder-shown:text-base peer-placeholder-shown:px-3
          peer-focus:-top-4 peer-focus:text-xs  peer-focus:px-0"
            for="name"
          >
            Name
          </label>
        </div>
      </div>
    </div>
  </body>,
  "container": <div>
    <div
      class="flex flex-col relative "
    >
      <div
        class=" 
        relative "
      >
        <input
          autocomplete="off"
          class="border-gray-900
            px-3 py-1  border-b-2 bg-white peer w-full text-base transition-colors h-8 focus:outline-none "
          data-testid="name"
          id="name"
          name="name"
          placeholder=" "
          type="text"
          value=""
        />
        <label
          class="text-gray-600 peer-focus:text-gray-900 
          absolute left-0 -top-4 text-xs cursor-text transition-all px-0 peer-placeholder-shown:top-1 peer-placeholder-shown:text-base peer-placeholder-shown:px-3
          peer-focus:-top-4 peer-focus:text-xs  peer-focus:px-0"
          for="name"
        >
          Name
        </label>
      </div>
    </div>
  </div>,
  "debug": [Function],
  "findAllByAltText": [Function],
  "findAllByDisplayValue": [Function],
  "findAllByLabelText": [Function],
  "findAllByPlaceholderText": [Function],
  "findAllByRole": [Function],
  "findAllByTestId": [Function],
  "findAllByText": [Function],
  "findAllByTitle": [Function],
  "findByAltText": [Function],
  "findByDisplayValue": [Function],
  "findByLabelText": [Function],
  "findByPlaceholderText": [Function],
  "findByRole": [Function],
  "findByTestId": [Function],
  "findByText": [Function],
  "findByTitle": [Function],
  "getAllByAltText": [Function],
  "getAllByDisplayValue": [Function],
  "getAllByLabelText": [Function],
  "getAllByPlaceholderText": [Function],
  "getAllByRole": [Function],
  "getAllByTestId": [Function],
  "getAllByText": [Function],
  "getAllByTitle": [Function],
  "getByAltText": [Function],
  "getByDisplayValue": [Function],
  "getByLabelText": [Function],
  "getByPlaceholderText": [Function],
  "getByRole": [Function],
  "getByTestId": [Function],
  "getByText": [Function],
  "getByTitle": [Function],
  "queryAllByAltText": [Function],
  "queryAllByDisplayValue": [Function],
  "queryAllByLabelText": [Function],
  "queryAllByPlaceholderText": [Function],
  "queryAllByRole": [Function],
  "queryAllByTestId": [Function],
  "queryAllByText": [Function],
  "queryAllByTitle": [Function],
  "queryByAltText": [Function],
  "queryByDisplayValue": [Function],
  "queryByLabelText": [Function],
  "queryByPlaceholderText": [Function],
  "queryByRole": [Function],
  "queryByTestId": [Function],
  "queryByText": [Function],
  "queryByTitle": [Function],
  "rerender": [Function],
  "unmount": [Function],
}
`;
